C:\Users\punko\Downloads\PoLocalCompare\PoLocalCompare\src\Client\PoLocalCompare.Client\Pages\Archive.razor(16,1): error RZ9980: Unclosed tag 'div' with no matching end tag. [C:\Users\punko\Downloads\PoLocalCompare\PoLocalCompare\src\Client\PoLocalCompare.Client\PoLocalCompare.Client.csproj]
C:\Users\punko\Downloads\PoLocalCompare\PoLocalCompare\src\Client\PoLocalCompare.Client\Pages\Archive.razor(31,5): error RZ1006: The else block is missing a closing "}" character.  Make sure you have a matching "}" character for all the "{" characters within this block, and that none of the "}" characters are being interpreted as markup. [C:\Users\punko\Downloads\PoLocalCompare\PoLocalCompare\src\Client\PoLocalCompare.Client\PoLocalCompare.Client.csproj]
C:\Users\punko\Downloads\PoLocalCompare\PoLocalCompare\src\Client\PoLocalCompare.Client\Pages\Archive.razor(68,10): error RZ1006: The if block is missing a closing "}" character.  Make sure you have a matching "}" character for all the "{" characters within this block, and that none of the "}" characters are being interpreted as markup. [C:\Users\punko\Downloads\PoLocalCompare\PoLocalCompare\src\Client\PoLocalCompare.Client\PoLocalCompare.Client.csproj]
C:\Users\punko\Downloads\PoLocalCompare\PoLocalCompare\src\Client\PoLocalCompare.Client\Pages\Archive.razor(70,13): error RZ9980: Unclosed tag 'div' with no matching end tag. [C:\Users\punko\Downloads\PoLocalCompare\PoLocalCompare\src\Client\PoLocalCompare.Client\PoLocalCompare.Client.csproj]
C:\Users\punko\Downloads\PoLocalCompare\PoLocalCompare\src\Client\PoLocalCompare.Client\Pages\Archive.razor(70,14): error RZ1025: The "div" element was not closed.  All elements must be either self-closing or have a matching end tag. [C:\Users\punko\Downloads\PoLocalCompare\PoLocalCompare\src\Client\PoLocalCompare.Client\PoLocalCompare.Client.csproj]
C:\Users\punko\Downloads\PoLocalCompare\PoLocalCompare\src\Client\PoLocalCompare.Client\Pages\Archive.razor(84,17): error RZ9980: Unclosed tag 'div' with no matching end tag. [C:\Users\punko\Downloads\PoLocalCompare\PoLocalCompare\src\Client\PoLocalCompare.Client\PoLocalCompare.Client.csproj]
C:\Users\punko\Downloads\PoLocalCompare\PoLocalCompare\src\Client\PoLocalCompare.Client\Pages\Archive.razor(100,22): error RZ1006: The if block is missing a closing "}" character.  Make sure you have a matching "}" character for all the "{" characters within this block, and that none of the "}" characters are being interpreted as markup. [C:\Users\punko\Downloads\PoLocalCompare\PoLocalCompare\src\Client\PoLocalCompare.Client\PoLocalCompare.Client.csproj]
C:\Users\punko\Downloads\PoLocalCompare\PoLocalCompare\src\Client\PoLocalCompare.Client\Pages\Archive.razor(102,26): error RZ1024: End of file or an unexpected character was reached before the "RadzenButton" tag could be parsed.  Elements inside markup blocks must be complete. They must either be self-closing ("<br />") or have matching end tags ("<p>Hello</p>").  If you intended to display a "<" character, use the "&lt;" HTML entity. [C:\Users\punko\Downloads\PoLocalCompare\PoLocalCompare\src\Client\PoLocalCompare.Client\PoLocalCompare.Client.csproj]
C:\Users\punko\Downloads\PoLocalCompare\PoLocalCompare\src\Client\PoLocalCompare.Client\Pages\Archive.razor(102,26): error RZ1035: Missing close angle for tag helper 'RadzenButton'. [C:\Users\punko\Downloads\PoLocalCompare\PoLocalCompare\src\Client\PoLocalCompare.Client\PoLocalCompare.Client.csproj]
C:\Users\punko\Downloads\PoLocalCompare\PoLocalCompare\src\Client\PoLocalCompare.Client\Pages\Archive.razor(102,26): error RZ1034: Found a malformed 'RadzenButton' tag helper. Tag helpers must have a start and end tag or be self closing. [C:\Users\punko\Downloads\PoLocalCompare\PoLocalCompare\src\Client\PoLocalCompare.Client\PoLocalCompare.Client.csproj]
C:\Users\punko\Downloads\PoLocalCompare\PoLocalCompare\src\Client\PoLocalCompare.Client\Pages\Archive.razor(105,36): error RZ9986: Component attributes do not support complex content (mixed C# and markup). Attribute: 'Click', text: '(@media (max-width: 1023px) { [C:\Users\punko\Downloads\PoLocalCompare\PoLocalCompare\src\Client\PoLocalCompare.Client\PoLocalCompare.Client.csproj]
C:\Users\punko\Downloads\PoLocalCompare\PoLocalCompare\src\Client\PoLocalCompare.Client\Pages\Archive.razor(105,37): error RZ1006: The explicit expression block is missing a closing ")" character.  Make sure you have a matching ")" character for all the "(" characters within this block, and that none of the ")" characters are being interpreted as markup. [C:\Users\punko\Downloads\PoLocalCompare\PoLocalCompare\src\Client\PoLocalCompare.Client\PoLocalCompare.Client.csproj]
C:\Users\punko\Downloads\PoLocalCompare\PoLocalCompare\src\Client\PoLocalCompare.Client\Pages\Archive.razor(142,30): error RZ1043: C# preprocessor directives must be at the start of the line, except for whitespace. [C:\Users\punko\Downloads\PoLocalCompare\PoLocalCompare\src\Client\PoLocalCompare.Client\PoLocalCompare.Client.csproj]
C:\Users\punko\Downloads\PoLocalCompare\PoLocalCompare\src\Client\PoLocalCompare.Client\Pages\Archive.razor(143,65): error RZ1043: C# preprocessor directives must be at the start of the line, except for whitespace. [C:\Users\punko\Downloads\PoLocalCompare\PoLocalCompare\src\Client\PoLocalCompare.Client\PoLocalCompare.Client.csproj]
C:\Users\punko\Downloads\PoLocalCompare\PoLocalCompare\src\Client\PoLocalCompare.Client\Pages\Archive.razor(144,30): error RZ1043: C# preprocessor directives must be at the start of the line, except for whitespace. [C:\Users\punko\Downloads\PoLocalCompare\PoLocalCompare\src\Client\PoLocalCompare.Client\PoLocalCompare.Client.csproj]
C:\Users\punko\Downloads\PoLocalCompare\PoLocalCompare\src\Client\PoLocalCompare.Client\Pages\Archive.razor(150,63): error RZ1043: C# preprocessor directives must be at the start of the line, except for whitespace. [C:\Users\punko\Downloads\PoLocalCompare\PoLocalCompare\src\Client\PoLocalCompare.Client\PoLocalCompare.Client.csproj]
C:\Users\punko\Downloads\PoLocalCompare\PoLocalCompare\src\Client\PoLocalCompare.Client\Pages\Archive.razor(152,93): error RZ1043: C# preprocessor directives must be at the start of the line, except for whitespace. [C:\Users\punko\Downloads\PoLocalCompare\PoLocalCompare\src\Client\PoLocalCompare.Client\PoLocalCompare.Client.csproj]
C:\Users\punko\Downloads\PoLocalCompare\PoLocalCompare\src\Client\PoLocalCompare.Client\Pages\Archive.razor(154,42): error RZ1043: C# preprocessor directives must be at the start of the line, except for whitespace. [C:\Users\punko\Downloads\PoLocalCompare\PoLocalCompare\src\Client\PoLocalCompare.Client\PoLocalCompare.Client.csproj]
C:\Users\punko\Downloads\PoLocalCompare\PoLocalCompare\src\Client\PoLocalCompare.Client\Pages\Archive.razor(155,46): error RZ1043: C# preprocessor directives must be at the start of the line, except for whitespace. [C:\Users\punko\Downloads\PoLocalCompare\PoLocalCompare\src\Client\PoLocalCompare.Client\PoLocalCompare.Client.csproj]
C:\Users\punko\Downloads\PoLocalCompare\PoLocalCompare\src\Client\PoLocalCompare.Client\Pages\Archive.razor(156,76): error RZ1043: C# preprocessor directives must be at the start of the line, except for whitespace. [C:\Users\punko\Downloads\PoLocalCompare\PoLocalCompare\src\Client\PoLocalCompare.Client\PoLocalCompare.Client.csproj]
C:\Users\punko\Downloads\PoLocalCompare\PoLocalCompare\src\Client\PoLocalCompare.Client\Pages\Archive.razor(157,54): error RZ1043: C# preprocessor directives must be at the start of the line, except for whitespace. [C:\Users\punko\Downloads\PoLocalCompare\PoLocalCompare\src\Client\PoLocalCompare.Client\PoLocalCompare.Client.csproj]
C:\Users\punko\Downloads\PoLocalCompare\PoLocalCompare\src\Client\PoLocalCompare.Client\Pages\Archive.razor(158,37): error RZ1043: C# preprocessor directives must be at the start of the line, except for whitespace. [C:\Users\punko\Downloads\PoLocalCompare\PoLocalCompare\src\Client\PoLocalCompare.Client\PoLocalCompare.Client.csproj]
C:\Users\punko\Downloads\PoLocalCompare\PoLocalCompare\src\Client\PoLocalCompare.Client\Pages\Archive.razor(159,53): error RZ1043: C# preprocessor directives must be at the start of the line, except for whitespace. [C:\Users\punko\Downloads\PoLocalCompare\PoLocalCompare\src\Client\PoLocalCompare.Client\PoLocalCompare.Client.csproj]
C:\Users\punko\Downloads\PoLocalCompare\PoLocalCompare\src\Client\PoLocalCompare.Client\Pages\Archive.razor(165,30): error RZ1043: C# preprocessor directives must be at the start of the line, except for whitespace. [C:\Users\punko\Downloads\PoLocalCompare\PoLocalCompare\src\Client\PoLocalCompare.Client\PoLocalCompare.Client.csproj]
C:\Users\punko\Downloads\PoLocalCompare\PoLocalCompare\src\Client\PoLocalCompare.Client\Pages\Archive.razor(167,23): error CS1003: Syntax error, ',' expected [C:\Users\punko\Downloads\PoLocalCompare\PoLocalCompare\src\Client\PoLocalCompare.Client\PoLocalCompare.Client.csproj]
C:\Users\punko\Downloads\PoLocalCompare\PoLocalCompare\src\Client\PoLocalCompare.Client\Pages\Archive.razor(167,25): error CS1003: Syntax error, ',' expected [C:\Users\punko\Downloads\PoLocalCompare\PoLocalCompare\src\Client\PoLocalCompare.Client\PoLocalCompare.Client.csproj]
C:\Users\punko\Downloads\PoLocalCompare\PoLocalCompare\src\Client\PoLocalCompare.Client\Pages\Archive.razor(167,29): error CS1003: Syntax error, ',' expected [C:\Users\punko\Downloads\PoLocalCompare\PoLocalCompare\src\Client\PoLocalCompare.Client\PoLocalCompare.Client.csproj]
C:\Users\punko\Downloads\PoLocalCompare\PoLocalCompare\src\Client\PoLocalCompare.Client\Pages\Archive.razor(167,33): error CS1026: ) expected [C:\Users\punko\Downloads\PoLocalCompare\PoLocalCompare\src\Client\PoLocalCompare.Client\PoLocalCompare.Client.csproj]
C:\Users\punko\Downloads\PoLocalCompare\PoLocalCompare\src\Client\PoLocalCompare.Client\Pages\Archive.razor(167,33): error CS1002: ; expected [C:\Users\punko\Downloads\PoLocalCompare\PoLocalCompare\src\Client\PoLocalCompare.Client\PoLocalCompare.Client.csproj]
C:\Users\punko\Downloads\PoLocalCompare\PoLocalCompare\src\Client\PoLocalCompare.Client\Pages\Archive.razor(167,34): error CS1513: } expected [C:\Users\punko\Downloads\PoLocalCompare\PoLocalCompare\src\Client\PoLocalCompare.Client\PoLocalCompare.Client.csproj]
